{
  "status": "completed: one optimizer step on a two-rollout smoke group",
  "group": {
    "rollouts": [
      0,
      1
    ],
    "turns": 9,
    "generated_tokens": 282,
    "total_sequence_tokens": 15409,
    "rewards": [
      0.36666666666666664,
      0.06666666666666667
    ],
    "advantages": [
      1.0000000000000002,
      -1.0
    ],
    "note": "advantages are recomputed for THIS two-rollout group; they are not the four-rollout group's advantages"
  },
  "backward": {
    "completed": true,
    "loss": -0.05925586586818099,
    "scored_tokens": 282,
    "seconds": 760.1,
    "turns_backwarded": 9
  },
  "gradient": {
    "norm": 1.8240920305252075,
    "finite": true,
    "tensors_with_grad": 224
  },
  "update": {
    "occurred": true,
    "optimizer": "AdamW",
    "learning_rate": 1e-05,
    "l1": 11.465809173882008,
    "linf": 9.99999883788405e-06,
    "tensors_changed": 112,
    "tensors_total": 224,
    "lora_B_changed": 112,
    "lora_A_changed": 0
  },
  "checkpoint": {
    "path": "evidence/rl-v2-smoke-2rollout/adapter",
    "weights_file": "adapter_model.safetensors",
    "sha256": "87b156f884f0eea44581c5917ba50b3a8c8dbd61f6ac90a7194475ba5047ad98",
    "bytes": 9204512,
    "atomic": "written by save_pretrained, then checksummed from disk"
  }
}
